Component: ARM Compiler 5.06 update 6 (build 750) Tool: armlink [4d35ed]

==============================================================================

Section Cross References

    main.o(.text) refers to misc.o(.text) for NVIC_PriorityGroupConfig
    main.o(.text) refers to usart.o(.text) for USART2_Config
    main.o(.text) refers to led.o(.text) for Led_GPIO_Init
    main.o(.text) refers to printf5.o(i.__0printf$5) for __2printf
    main.o(.text) refers to bsp_ota.o(.text) for BSP_Flash_Init
    stm32f10x_it.o(.text) refers to stm32f10x_usart.o(.text) for USART_GetITStatus
    stm32f10x_it.o(.text) refers to printf5.o(i.__0printf$5) for __2printf
    stm32f10x_it.o(.text) refers to bsp_ota.o(.data) for OTA
    stm32f10x_it.o(.text) refers to android.o(.bss) for Usart2RxData
    stm32f10x_it.o(.text) refers to stm32f10x_it.o(.data) for gUsart2RxDataCounter
    stm32f10x_it.o(.text) refers to android.o(.data) for fUsart2Rx
    stm32f10x_it.o(.text) refers to bsp_ota.o(.ARM.__AT_0x20001000) for OTA_RxBuf
    usart.o(.text) refers to stm32f10x_usart.o(.text) for USART_GetFlagStatus
    usart.o(.text) refers to stm32f10x_rcc.o(.text) for RCC_APB2PeriphClockCmd
    usart.o(.text) refers to stm32f10x_gpio.o(.text) for GPIO_Init
    usart.o(.text) refers to misc.o(.text) for NVIC_Init
    android.o(.text) refers to memseta.o(.text) for __aeabi_memclr4
    android.o(.text) refers to stm32f10x_usart.o(.text) for USART_GetFlagStatus
    android.o(.text) refers to printf5.o(i.__0printf$5) for __2printf
    android.o(.text) refers to android.o(.data) for fUsart2Rx
    android.o(.text) refers to android.o(.bss) for Usart2RxDataBuf
    android.o(.text) refers to led.o(.data) for Lock_Time
    android.o(.text) refers to bsp_ota.o(.data) for OTA
    led.o(.text) refers to stm32f10x_rcc.o(.text) for RCC_APB2PeriphClockCmd
    led.o(.text) refers to stm32f10x_gpio.o(.text) for GPIO_Init
    led.o(.text) refers to printf5.o(i.__0printf$5) for __2printf
    led.o(.text) refers to led.o(.data) for ledshow
    bsp_flash.o(.text) refers to stm32f10x_flash.o(.text) for FLASH_ProgramHalfWord
    bsp_flash.o(.text) refers to printf5.o(i.__0printf$5) for __2printf
    bsp_ota.o(.text) refers to core_cm3.o(.emb_text) for __set_MSP
    bsp_ota.o(.text) refers to printf5.o(i.__0printf$5) for __2printf
    bsp_ota.o(.text) refers to bsp_flash.o(.text) for BSP_FLASHWrite
    bsp_ota.o(.text) refers to android.o(.text) for Android_Uart_Send_Data
    bsp_ota.o(.text) refers to bsp_ota.o(.data) for jump2app
    bsp_ota.o(.text) refers to bsp_ota.o(.ARM.__AT_0x20001000) for OTA_RxBuf
    bsp_ota.o(.text) refers to android.o(.bss) for Usart2SendData
    startup_stm32f10x_cl.o(RESET) refers to startup_stm32f10x_cl.o(STACK) for __initial_sp
    startup_stm32f10x_cl.o(RESET) refers to startup_stm32f10x_cl.o(.text) for Reset_Handler
    startup_stm32f10x_cl.o(RESET) refers to stm32f10x_it.o(.text) for NMI_Handler
    startup_stm32f10x_cl.o(.text) refers to system_stm32f10x.o(.text) for SystemInit
    startup_stm32f10x_cl.o(.text) refers to entry.o(.ARM.Collect$$$$00000000) for __main
    stm32f10x_gpio.o(.text) refers to stm32f10x_rcc.o(.text) for RCC_APB2PeriphResetCmd
    stm32f10x_rcc.o(.text) refers to stm32f10x_rcc.o(.data) for APBAHBPrescTable
    stm32f10x_usart.o(.text) refers to stm32f10x_rcc.o(.text) for RCC_APB2PeriphResetCmd
    system_stm32f10x.o(.text) refers to system_stm32f10x.o(.data) for SystemCoreClock
    entry.o(.ARM.Collect$$$$00000000) refers (Special) to entry10a.o(.ARM.Collect$$$$0000000D) for __rt_final_cpp
    entry.o(.ARM.Collect$$$$00000000) refers (Special) to entry11a.o(.ARM.Collect$$$$0000000F) for __rt_final_exit
    entry.o(.ARM.Collect$$$$00000000) refers (Special) to entry7b.o(.ARM.Collect$$$$00000008) for _main_clock
    entry.o(.ARM.Collect$$$$00000000) refers (Special) to entry8b.o(.ARM.Collect$$$$0000000A) for _main_cpp_init
    entry.o(.ARM.Collect$$$$00000000) refers (Special) to entry9a.o(.ARM.Collect$$$$0000000B) for _main_init
    entry.o(.ARM.Collect$$$$00000000) refers (Special) to entry5.o(.ARM.Collect$$$$00000004) for _main_scatterload
    entry.o(.ARM.Collect$$$$00000000) refers (Special) to entry2.o(.ARM.Collect$$$$00000001) for _main_stk
    printfb.o(i.__0fprintf$bare) refers to printfb.o(i._printf_core) for _printf_core
    printfb.o(i.__0fprintf$bare) refers to usart.o(.text) for fputc
    printfb.o(i.__0printf$bare) refers to printfb.o(i._printf_core) for _printf_core
    printfb.o(i.__0printf$bare) refers to usart.o(.text) for fputc
    printfb.o(i.__0printf$bare) refers to stdout.o(.data) for __stdout
    printfb.o(i.__0snprintf$bare) refers to printfb.o(i._printf_core) for _printf_core
    printfb.o(i.__0snprintf$bare) refers to printfb.o(i._snputc) for _snputc
    printfb.o(i.__0sprintf$bare) refers to printfb.o(i._printf_core) for _printf_core
    printfb.o(i.__0sprintf$bare) refers to printfb.o(i._sputc) for _sputc
    printfb.o(i.__0vfprintf$bare) refers to printfb.o(i._printf_core) for _printf_core
    printfb.o(i.__0vfprintf$bare) refers to usart.o(.text) for fputc
    printfb.o(i.__0vprintf$bare) refers to printfb.o(i._printf_core) for _printf_core
    printfb.o(i.__0vprintf$bare) refers to usart.o(.text) for fputc
    printfb.o(i.__0vprintf$bare) refers to stdout.o(.data) for __stdout
    printfb.o(i.__0vsnprintf$bare) refers to printfb.o(i._printf_core) for _printf_core
    printfb.o(i.__0vsnprintf$bare) refers to printfb.o(i._snputc) for _snputc
    printfb.o(i.__0vsprintf$bare) refers to printfb.o(i._printf_core) for _printf_core
    printfb.o(i.__0vsprintf$bare) refers to printfb.o(i._sputc) for _sputc
    printf0.o(i.__0fprintf$0) refers to printf0.o(i._printf_core) for _printf_core
    printf0.o(i.__0fprintf$0) refers to usart.o(.text) for fputc
    printf0.o(i.__0printf$0) refers to printf0.o(i._printf_core) for _printf_core
    printf0.o(i.__0printf$0) refers to usart.o(.text) for fputc
    printf0.o(i.__0printf$0) refers to stdout.o(.data) for __stdout
    printf0.o(i.__0snprintf$0) refers to printf0.o(i._printf_core) for _printf_core
    printf0.o(i.__0snprintf$0) refers to printf0.o(i._snputc) for _snputc
    printf0.o(i.__0sprintf$0) refers to printf0.o(i._printf_core) for _printf_core
    printf0.o(i.__0sprintf$0) refers to printf0.o(i._sputc) for _sputc
    printf0.o(i.__0vfprintf$0) refers to printf0.o(i._printf_core) for _printf_core
    printf0.o(i.__0vfprintf$0) refers to usart.o(.text) for fputc
    printf0.o(i.__0vprintf$0) refers to printf0.o(i._printf_core) for _printf_core
    printf0.o(i.__0vprintf$0) refers to usart.o(.text) for fputc
    printf0.o(i.__0vprintf$0) refers to stdout.o(.data) for __stdout
    printf0.o(i.__0vsnprintf$0) refers to printf0.o(i._printf_core) for _printf_core
    printf0.o(i.__0vsnprintf$0) refers to printf0.o(i._snputc) for _snputc
    printf0.o(i.__0vsprintf$0) refers to printf0.o(i._printf_core) for _printf_core
    printf0.o(i.__0vsprintf$0) refers to printf0.o(i._sputc) for _sputc
    printf1.o(i.__0fprintf$1) refers to printf1.o(i._printf_core) for _printf_core
    printf1.o(i.__0fprintf$1) refers to usart.o(.text) for fputc
    printf1.o(i.__0printf$1) refers to printf1.o(i._printf_core) for _printf_core
    printf1.o(i.__0printf$1) refers to usart.o(.text) for fputc
    printf1.o(i.__0printf$1) refers to stdout.o(.data) for __stdout
    printf1.o(i.__0snprintf$1) refers to printf1.o(i._printf_core) for _printf_core
    printf1.o(i.__0snprintf$1) refers to printf1.o(i._snputc) for _snputc
    printf1.o(i.__0sprintf$1) refers to printf1.o(i._printf_core) for _printf_core
    printf1.o(i.__0sprintf$1) refers to printf1.o(i._sputc) for _sputc
    printf1.o(i.__0vfprintf$1) refers to printf1.o(i._printf_core) for _printf_core
    printf1.o(i.__0vfprintf$1) refers to usart.o(.text) for fputc
    printf1.o(i.__0vprintf$1) refers to printf1.o(i._printf_core) for _printf_core
    printf1.o(i.__0vprintf$1) refers to usart.o(.text) for fputc
    printf1.o(i.__0vprintf$1) refers to stdout.o(.data) for __stdout
    printf1.o(i.__0vsnprintf$1) refers to printf1.o(i._printf_core) for _printf_core
    printf1.o(i.__0vsnprintf$1) refers to printf1.o(i._snputc) for _snputc
    printf1.o(i.__0vsprintf$1) refers to printf1.o(i._printf_core) for _printf_core
    printf1.o(i.__0vsprintf$1) refers to printf1.o(i._sputc) for _sputc
    printf1.o(i._printf_core) refers to uidiv.o(.text) for __aeabi_uidivmod
    printf2.o(i.__0fprintf$2) refers to printf2.o(i._printf_core) for _printf_core
    printf2.o(i.__0fprintf$2) refers to usart.o(.text) for fputc
    printf2.o(i.__0printf$2) refers to printf2.o(i._printf_core) for _printf_core
    printf2.o(i.__0printf$2) refers to usart.o(.text) for fputc
    printf2.o(i.__0printf$2) refers to stdout.o(.data) for __stdout
    printf2.o(i.__0snprintf$2) refers to printf2.o(i._printf_core) for _printf_core
    printf2.o(i.__0snprintf$2) refers to printf2.o(i._snputc) for _snputc
    printf2.o(i.__0sprintf$2) refers to printf2.o(i._printf_core) for _printf_core
    printf2.o(i.__0sprintf$2) refers to printf2.o(i._sputc) for _sputc
    printf2.o(i.__0vfprintf$2) refers to printf2.o(i._printf_core) for _printf_core
    printf2.o(i.__0vfprintf$2) refers to usart.o(.text) for fputc
    printf2.o(i.__0vprintf$2) refers to printf2.o(i._printf_core) for _printf_core
    printf2.o(i.__0vprintf$2) refers to usart.o(.text) for fputc
    printf2.o(i.__0vprintf$2) refers to stdout.o(.data) for __stdout
    printf2.o(i.__0vsnprintf$2) refers to printf2.o(i._printf_core) for _printf_core
    printf2.o(i.__0vsnprintf$2) refers to printf2.o(i._snputc) for _snputc
    printf2.o(i.__0vsprintf$2) refers to printf2.o(i._printf_core) for _printf_core
    printf2.o(i.__0vsprintf$2) refers to printf2.o(i._sputc) for _sputc
    printf3.o(i.__0fprintf$3) refers to printf3.o(i._printf_core) for _printf_core
    printf3.o(i.__0fprintf$3) refers to usart.o(.text) for fputc
    printf3.o(i.__0printf$3) refers to printf3.o(i._printf_core) for _printf_core
    printf3.o(i.__0printf$3) refers to usart.o(.text) for fputc
    printf3.o(i.__0printf$3) refers to stdout.o(.data) for __stdout
    printf3.o(i.__0snprintf$3) refers to printf3.o(i._printf_core) for _printf_core
    printf3.o(i.__0snprintf$3) refers to printf3.o(i._snputc) for _snputc
    printf3.o(i.__0sprintf$3) refers to printf3.o(i._printf_core) for _printf_core
    printf3.o(i.__0sprintf$3) refers to printf3.o(i._sputc) for _sputc
    printf3.o(i.__0vfprintf$3) refers to printf3.o(i._printf_core) for _printf_core
    printf3.o(i.__0vfprintf$3) refers to usart.o(.text) for fputc
    printf3.o(i.__0vprintf$3) refers to printf3.o(i._printf_core) for _printf_core
    printf3.o(i.__0vprintf$3) refers to usart.o(.text) for fputc
    printf3.o(i.__0vprintf$3) refers to stdout.o(.data) for __stdout
    printf3.o(i.__0vsnprintf$3) refers to printf3.o(i._printf_core) for _printf_core
    printf3.o(i.__0vsnprintf$3) refers to printf3.o(i._snputc) for _snputc
    printf3.o(i.__0vsprintf$3) refers to printf3.o(i._printf_core) for _printf_core
    printf3.o(i.__0vsprintf$3) refers to printf3.o(i._sputc) for _sputc
    printf3.o(i._printf_core) refers to uidiv.o(.text) for __aeabi_uidivmod
    printf4.o(i.__0fprintf$4) refers to printf4.o(i._printf_core) for _printf_core
    printf4.o(i.__0fprintf$4) refers to usart.o(.text) for fputc
    printf4.o(i.__0printf$4) refers to printf4.o(i._printf_core) for _printf_core
    printf4.o(i.__0printf$4) refers to usart.o(.text) for fputc
    printf4.o(i.__0printf$4) refers to stdout.o(.data) for __stdout
    printf4.o(i.__0snprintf$4) refers to printf4.o(i._printf_core) for _printf_core
    printf4.o(i.__0snprintf$4) refers to printf4.o(i._snputc) for _snputc
    printf4.o(i.__0sprintf$4) refers to printf4.o(i._printf_core) for _printf_core
    printf4.o(i.__0sprintf$4) refers to printf4.o(i._sputc) for _sputc
    printf4.o(i.__0vfprintf$4) refers to printf4.o(i._printf_core) for _printf_core
    printf4.o(i.__0vfprintf$4) refers to usart.o(.text) for fputc
    printf4.o(i.__0vprintf$4) refers to printf4.o(i._printf_core) for _printf_core
    printf4.o(i.__0vprintf$4) refers to usart.o(.text) for fputc
    printf4.o(i.__0vprintf$4) refers to stdout.o(.data) for __stdout
    printf4.o(i.__0vsnprintf$4) refers to printf4.o(i._printf_core) for _printf_core
    printf4.o(i.__0vsnprintf$4) refers to printf4.o(i._snputc) for _snputc
    printf4.o(i.__0vsprintf$4) refers to printf4.o(i._printf_core) for _printf_core
    printf4.o(i.__0vsprintf$4) refers to printf4.o(i._sputc) for _sputc
    printf4.o(i._printf_core) refers to uldiv.o(.text) for __aeabi_uldivmod
    printf5.o(i.__0fprintf$5) refers to printf5.o(i._printf_core) for _printf_core
    printf5.o(i.__0fprintf$5) refers to usart.o(.text) for fputc
    printf5.o(i.__0printf$5) refers to printf5.o(i._printf_core) for _printf_core
    printf5.o(i.__0printf$5) refers to usart.o(.text) for fputc
    printf5.o(i.__0printf$5) refers to stdout.o(.data) for __stdout
    printf5.o(i.__0snprintf$5) refers to printf5.o(i._printf_core) for _printf_core
    printf5.o(i.__0snprintf$5) refers to printf5.o(i._snputc) for _snputc
    printf5.o(i.__0sprintf$5) refers to printf5.o(i._printf_core) for _printf_core
    printf5.o(i.__0sprintf$5) refers to printf5.o(i._sputc) for _sputc
    printf5.o(i.__0vfprintf$5) refers to printf5.o(i._printf_core) for _printf_core
    printf5.o(i.__0vfprintf$5) refers to usart.o(.text) for fputc
    printf5.o(i.__0vprintf$5) refers to printf5.o(i._printf_core) for _printf_core
    printf5.o(i.__0vprintf$5) refers to usart.o(.text) for fputc
    printf5.o(i.__0vprintf$5) refers to stdout.o(.data) for __stdout
    printf5.o(i.__0vsnprintf$5) refers to printf5.o(i._printf_core) for _printf_core
    printf5.o(i.__0vsnprintf$5) refers to printf5.o(i._snputc) for _snputc
    printf5.o(i.__0vsprintf$5) refers to printf5.o(i._printf_core) for _printf_core
    printf5.o(i.__0vsprintf$5) refers to printf5.o(i._sputc) for _sputc
    printf5.o(i._printf_core) refers to uldiv.o(.text) for __aeabi_uldivmod
    printf6.o(i.__0fprintf$6) refers to printf6.o(i._printf_core) for _printf_core
    printf6.o(i.__0fprintf$6) refers to usart.o(.text) for fputc
    printf6.o(i.__0printf$6) refers to printf6.o(i._printf_core) for _printf_core
    printf6.o(i.__0printf$6) refers to usart.o(.text) for fputc
    printf6.o(i.__0printf$6) refers to stdout.o(.data) for __stdout
    printf6.o(i.__0snprintf$6) refers to printf6.o(i._printf_core) for _printf_core
    printf6.o(i.__0snprintf$6) refers to printf6.o(i._snputc) for _snputc
    printf6.o(i.__0sprintf$6) refers to printf6.o(i._printf_core) for _printf_core
    printf6.o(i.__0sprintf$6) refers to printf6.o(i._sputc) for _sputc
    printf6.o(i.__0vfprintf$6) refers to printf6.o(i._printf_core) for _printf_core
    printf6.o(i.__0vfprintf$6) refers to usart.o(.text) for fputc
    printf6.o(i.__0vprintf$6) refers to printf6.o(i._printf_core) for _printf_core
    printf6.o(i.__0vprintf$6) refers to usart.o(.text) for fputc
    printf6.o(i.__0vprintf$6) refers to stdout.o(.data) for __stdout
    printf6.o(i.__0vsnprintf$6) refers to printf6.o(i._printf_core) for _printf_core
    printf6.o(i.__0vsnprintf$6) refers to printf6.o(i._snputc) for _snputc
    printf6.o(i.__0vsprintf$6) refers to printf6.o(i._printf_core) for _printf_core
    printf6.o(i.__0vsprintf$6) refers to printf6.o(i._sputc) for _sputc
    printf6.o(i._printf_core) refers to printf6.o(i._printf_pre_padding) for _printf_pre_padding
    printf6.o(i._printf_core) refers to uidiv.o(.text) for __aeabi_uidivmod
    printf6.o(i._printf_core) refers to printf6.o(i._printf_post_padding) for _printf_post_padding
    printf7.o(i.__0fprintf$7) refers to printf7.o(i._printf_core) for _printf_core
    printf7.o(i.__0fprintf$7) refers to usart.o(.text) for fputc
    printf7.o(i.__0printf$7) refers to printf7.o(i._printf_core) for _printf_core
    printf7.o(i.__0printf$7) refers to usart.o(.text) for fputc
    printf7.o(i.__0printf$7) refers to stdout.o(.data) for __stdout
    printf7.o(i.__0snprintf$7) refers to printf7.o(i._printf_core) for _printf_core
    printf7.o(i.__0snprintf$7) refers to printf7.o(i._snputc) for _snputc
    printf7.o(i.__0sprintf$7) refers to printf7.o(i._printf_core) for _printf_core
    printf7.o(i.__0sprintf$7) refers to printf7.o(i._sputc) for _sputc
    printf7.o(i.__0vfprintf$7) refers to printf7.o(i._printf_core) for _printf_core
    printf7.o(i.__0vfprintf$7) refers to usart.o(.text) for fputc
    printf7.o(i.__0vprintf$7) refers to printf7.o(i._printf_core) for _printf_core
    printf7.o(i.__0vprintf$7) refers to usart.o(.text) for fputc
    printf7.o(i.__0vprintf$7) refers to stdout.o(.data) for __stdout
    printf7.o(i.__0vsnprintf$7) refers to printf7.o(i._printf_core) for _printf_core
    printf7.o(i.__0vsnprintf$7) refers to printf7.o(i._snputc) for _snputc
    printf7.o(i.__0vsprintf$7) refers to printf7.o(i._printf_core) for _printf_core
    printf7.o(i.__0vsprintf$7) refers to printf7.o(i._sputc) for _sputc
    printf7.o(i._printf_core) refers to printf7.o(i._printf_pre_padding) for _printf_pre_padding
    printf7.o(i._printf_core) refers to uldiv.o(.text) for __aeabi_uldivmod
    printf7.o(i._printf_core) refers to printf7.o(i._printf_post_padding) for _printf_post_padding
    printf8.o(i.__0fprintf$8) refers to printf8.o(i._printf_core) for _printf_core
    printf8.o(i.__0fprintf$8) refers to usart.o(.text) for fputc
    printf8.o(i.__0printf$8) refers to printf8.o(i._printf_core) for _printf_core
    printf8.o(i.__0printf$8) refers to usart.o(.text) for fputc
    printf8.o(i.__0printf$8) refers to stdout.o(.data) for __stdout
    printf8.o(i.__0snprintf$8) refers to printf8.o(i._printf_core) for _printf_core
    printf8.o(i.__0snprintf$8) refers to printf8.o(i._snputc) for _snputc
    printf8.o(i.__0sprintf$8) refers to printf8.o(i._printf_core) for _printf_core
    printf8.o(i.__0sprintf$8) refers to printf8.o(i._sputc) for _sputc
    printf8.o(i.__0vfprintf$8) refers to printf8.o(i._printf_core) for _printf_core
    printf8.o(i.__0vfprintf$8) refers to usart.o(.text) for fputc
    printf8.o(i.__0vprintf$8) refers to printf8.o(i._printf_core) for _printf_core
    printf8.o(i.__0vprintf$8) refers to usart.o(.text) for fputc
    printf8.o(i.__0vprintf$8) refers to stdout.o(.data) for __stdout
    printf8.o(i.__0vsnprintf$8) refers to printf8.o(i._printf_core) for _printf_core
    printf8.o(i.__0vsnprintf$8) refers to printf8.o(i._snputc) for _snputc
    printf8.o(i.__0vsprintf$8) refers to printf8.o(i._printf_core) for _printf_core
    printf8.o(i.__0vsprintf$8) refers to printf8.o(i._sputc) for _sputc
    printf8.o(i._printf_core) refers to printf8.o(i._printf_pre_padding) for _printf_pre_padding
    printf8.o(i._printf_core) refers to uldiv.o(.text) for __aeabi_uldivmod
    printf8.o(i._printf_core) refers to printf8.o(i._printf_post_padding) for _printf_post_padding
    printfa.o(i.__0fprintf) refers (Special) to iusefp.o(.text) for __I$use$fp
    printfa.o(i.__0fprintf) refers to printfa.o(i._printf_core) for _printf_core
    printfa.o(i.__0fprintf) refers to usart.o(.text) for fputc
    printfa.o(i.__0printf) refers (Special) to iusefp.o(.text) for __I$use$fp
    printfa.o(i.__0printf) refers to printfa.o(i._printf_core) for _printf_core
    printfa.o(i.__0printf) refers to usart.o(.text) for fputc
    printfa.o(i.__0printf) refers to stdout.o(.data) for __stdout
    printfa.o(i.__0snprintf) refers (Special) to iusefp.o(.text) for __I$use$fp
    printfa.o(i.__0snprintf) refers to printfa.o(i._printf_core) for _printf_core
    printfa.o(i.__0snprintf) refers to printfa.o(i._snputc) for _snputc
    printfa.o(i.__0sprintf) refers (Special) to iusefp.o(.text) for __I$use$fp
    printfa.o(i.__0sprintf) refers to printfa.o(i._printf_core) for _printf_core
    printfa.o(i.__0sprintf) refers to printfa.o(i._sputc) for _sputc
    printfa.o(i.__0vfprintf) refers (Special) to iusefp.o(.text) for __I$use$fp
    printfa.o(i.__0vfprintf) refers to printfa.o(i._printf_core) for _printf_core
    printfa.o(i.__0vfprintf) refers to usart.o(.text) for fputc
    printfa.o(i.__0vprintf) refers (Special) to iusefp.o(.text) for __I$use$fp
    printfa.o(i.__0vprintf) refers to printfa.o(i._printf_core) for _printf_core
    printfa.o(i.__0vprintf) refers to usart.o(.text) for fputc
    printfa.o(i.__0vprintf) refers to stdout.o(.data) for __stdout
    printfa.o(i.__0vsnprintf) refers (Special) to iusefp.o(.text) for __I$use$fp
    printfa.o(i.__0vsnprintf) refers to printfa.o(i._printf_core) for _printf_core
    printfa.o(i.__0vsnprintf) refers to printfa.o(i._snputc) for _snputc
    printfa.o(i.__0vsprintf) refers (Special) to iusefp.o(.text) for __I$use$fp
    printfa.o(i.__0vsprintf) refers to printfa.o(i._printf_core) for _printf_core
    printfa.o(i.__0vsprintf) refers to printfa.o(i._sputc) for _sputc
    printfa.o(i._fp_digits) refers (Special) to iusefp.o(.text) for __I$use$fp
    printfa.o(i._fp_digits) refers to dmul.o(.text) for __aeabi_dmul
    printfa.o(i._fp_digits) refers to ddiv.o(.text) for __aeabi_ddiv
    printfa.o(i._fp_digits) refers to cdrcmple.o(.text) for __aeabi_cdrcmple
    printfa.o(i._fp_digits) refers to dadd.o(.text) for __aeabi_dadd
    printfa.o(i._fp_digits) refers to dfixul.o(.text) for __aeabi_d2ulz
    printfa.o(i._fp_digits) refers to uldiv.o(.text) for __aeabi_uldivmod
    printfa.o(i._printf_core) refers (Special) to iusefp.o(.text) for __I$use$fp
    printfa.o(i._printf_core) refers to printfa.o(i._printf_pre_padding) for _printf_pre_padding
    printfa.o(i._printf_core) refers to uldiv.o(.text) for __aeabi_uldivmod
    printfa.o(i._printf_core) refers to printfa.o(i._printf_post_padding) for _printf_post_padding
    printfa.o(i._printf_core) refers to printfa.o(i._fp_digits) for _fp_digits
    printfa.o(i._printf_core) refers to uidiv.o(.text) for __aeabi_uidivmod
    printfa.o(i._printf_post_padding) refers (Special) to iusefp.o(.text) for __I$use$fp
    printfa.o(i._printf_pre_padding) refers (Special) to iusefp.o(.text) for __I$use$fp
    printfa.o(i._snputc) refers (Special) to iusefp.o(.text) for __I$use$fp
    printfa.o(i._sputc) refers (Special) to iusefp.o(.text) for __I$use$fp
    entry2.o(.ARM.Collect$$$$00000001) refers to entry2.o(.ARM.Collect$$$$00002712) for __lit__00000000
    entry2.o(.ARM.Collect$$$$00002712) refers to startup_stm32f10x_cl.o(STACK) for __initial_sp
    entry2.o(__vectab_stack_and_reset_area) refers to startup_stm32f10x_cl.o(STACK) for __initial_sp
    entry2.o(__vectab_stack_and_reset_area) refers to entry.o(.ARM.Collect$$$$00000000) for __main
    entry5.o(.ARM.Collect$$$$00000004) refers to init.o(.text) for __scatterload
    entry9a.o(.ARM.Collect$$$$0000000B) refers to main.o(.text) for main
    entry9b.o(.ARM.Collect$$$$0000000C) refers to main.o(.text) for main
    uldiv.o(.text) refers to llushr.o(.text) for __aeabi_llsr
    uldiv.o(.text) refers to llshl.o(.text) for __aeabi_llsl
    dadd.o(.text) refers to llshl.o(.text) for __aeabi_llsl
    dadd.o(.text) refers to llsshr.o(.text) for __aeabi_lasr
    dadd.o(.text) refers to depilogue.o(.text) for _double_epilogue
    dmul.o(.text) refers to depilogue.o(.text) for _double_epilogue
    ddiv.o(.text) refers to depilogue.o(.text) for _double_round
    dfixul.o(.text) refers to llushr.o(.text) for __aeabi_llsr
    dfixul.o(.text) refers to llshl.o(.text) for __aeabi_llsl
    init.o(.text) refers to entry5.o(.ARM.Collect$$$$00000004) for __main_after_scatterload
    depilogue.o(.text) refers to llshl.o(.text) for __aeabi_llsl
    depilogue.o(.text) refers to llushr.o(.text) for __aeabi_llsr


==============================================================================

Removing Unused input sections from the image.

    Removing watchdog.o(.text), (44 bytes).
    Removing startup_stm32f10x_cl.o(HEAP), (512 bytes).
    Removing stm32f10x_exti.o(.text), (284 bytes).
    Removing dadd.o(.text), (334 bytes).
    Removing dmul.o(.text), (228 bytes).
    Removing ddiv.o(.text), (222 bytes).
    Removing dfixul.o(.text), (48 bytes).
    Removing cdrcmple.o(.text), (48 bytes).
    Removing depilogue.o(.text), (186 bytes).

9 unused section(s) (total 1906 bytes) removed from the image.

==============================================================================

Image Symbol Table

    Local Symbols

    Symbol Name                              Value     Ov Type        Size  Object(Section)

    ../clib/microlib/division.c              0x00000000   Number         0  uidiv.o ABSOLUTE
    ../clib/microlib/division.c              0x00000000   Number         0  uldiv.o ABSOLUTE
    ../clib/microlib/init/entry.s            0x00000000   Number         0  entry5.o ABSOLUTE
    ../clib/microlib/init/entry.s            0x00000000   Number         0  entry7a.o ABSOLUTE
    ../clib/microlib/init/entry.s            0x00000000   Number         0  entry7b.o ABSOLUTE
    ../clib/microlib/init/entry.s            0x00000000   Number         0  entry11b.o ABSOLUTE
    ../clib/microlib/init/entry.s            0x00000000   Number         0  entry9a.o ABSOLUTE
    ../clib/microlib/init/entry.s            0x00000000   Number         0  entry8a.o ABSOLUTE
    ../clib/microlib/init/entry.s            0x00000000   Number         0  entry11a.o ABSOLUTE
    ../clib/microlib/init/entry.s            0x00000000   Number         0  entry10b.o ABSOLUTE
    ../clib/microlib/init/entry.s            0x00000000   Number         0  entry10a.o ABSOLUTE
    ../clib/microlib/init/entry.s            0x00000000   Number         0  entry9b.o ABSOLUTE
    ../clib/microlib/init/entry.s            0x00000000   Number         0  entry8b.o ABSOLUTE
    ../clib/microlib/init/entry.s            0x00000000   Number         0  entry.o ABSOLUTE
    ../clib/microlib/init/entry.s            0x00000000   Number         0  entry2.o ABSOLUTE
    ../clib/microlib/longlong.c              0x00000000   Number         0  llsshr.o ABSOLUTE
    ../clib/microlib/longlong.c              0x00000000   Number         0  llushr.o ABSOLUTE
    ../clib/microlib/longlong.c              0x00000000   Number         0  llshl.o ABSOLUTE
    ../clib/microlib/printf/printf.c         0x00000000   Number         0  printf7.o ABSOLUTE
    ../clib/microlib/printf/printf.c         0x00000000   Number         0  printfb.o ABSOLUTE
    ../clib/microlib/printf/printf.c         0x00000000   Number         0  printf8.o ABSOLUTE
    ../clib/microlib/printf/printf.c         0x00000000   Number         0  printfa.o ABSOLUTE
    ../clib/microlib/printf/printf.c         0x00000000   Number         0  printf6.o ABSOLUTE
    ../clib/microlib/printf/printf.c         0x00000000   Number         0  printf5.o ABSOLUTE
    ../clib/microlib/printf/printf.c         0x00000000   Number         0  printf3.o ABSOLUTE
    ../clib/microlib/printf/printf.c         0x00000000   Number         0  printf2.o ABSOLUTE
    ../clib/microlib/printf/printf.c         0x00000000   Number         0  printf1.o ABSOLUTE
    ../clib/microlib/printf/printf.c         0x00000000   Number         0  printf0.o ABSOLUTE
    ../clib/microlib/printf/printf.c         0x00000000   Number         0  printf4.o ABSOLUTE
    ../clib/microlib/printf/stubs.s          0x00000000   Number         0  stubs.o ABSOLUTE
    ../clib/microlib/stdio/streams.c         0x00000000   Number         0  stdout.o ABSOLUTE
    ../clib/microlib/string/memset.c         0x00000000   Number         0  memseta.o ABSOLUTE
    ../clib/microlib/stubs.s                 0x00000000   Number         0  iusefp.o ABSOLUTE
    ../fplib/microlib/fpadd.c                0x00000000   Number         0  dadd.o ABSOLUTE
    ../fplib/microlib/fpdiv.c                0x00000000   Number         0  ddiv.o ABSOLUTE
    ../fplib/microlib/fpepilogue.c           0x00000000   Number         0  depilogue.o ABSOLUTE
    ../fplib/microlib/fpfix.c                0x00000000   Number         0  dfixul.o ABSOLUTE
    ../fplib/microlib/fpmul.c                0x00000000   Number         0  dmul.o ABSOLUTE
    Lib\SRC\misc.c                           0x00000000   Number         0  misc.o ABSOLUTE
    Lib\SRC\stm32f10x_exti.c                 0x00000000   Number         0  stm32f10x_exti.o ABSOLUTE
    Lib\SRC\stm32f10x_flash.c                0x00000000   Number         0  stm32f10x_flash.o ABSOLUTE
    Lib\SRC\stm32f10x_gpio.c                 0x00000000   Number         0  stm32f10x_gpio.o ABSOLUTE
    Lib\SRC\stm32f10x_rcc.c                  0x00000000   Number         0  stm32f10x_rcc.o ABSOLUTE
    Lib\SRC\stm32f10x_usart.c                0x00000000   Number         0  stm32f10x_usart.o ABSOLUTE
    System\\core_cm3.c                       0x00000000   Number         0  core_cm3.o ABSOLUTE
    System\core_cm3.c                        0x00000000   Number         0  core_cm3.o ABSOLUTE
    System\system_stm32f10x.c                0x00000000   Number         0  system_stm32f10x.o ABSOLUTE
    User\BSP_Drivers\BSP_Flash.c             0x00000000   Number         0  bsp_flash.o ABSOLUTE
    User\BSP_Drivers\BSP_OTA.c               0x00000000   Number         0  bsp_ota.o ABSOLUTE
    User\android.c                           0x00000000   Number         0  android.o ABSOLUTE
    User\led.c                               0x00000000   Number         0  led.o ABSOLUTE
    User\usart.c                             0x00000000   Number         0  usart.o ABSOLUTE
    User\watchdog.c                          0x00000000   Number         0  watchdog.o ABSOLUTE
    asm\startup_stm32f10x_cl.s               0x00000000   Number         0  startup_stm32f10x_cl.o ABSOLUTE
    cdrcmple.s                               0x00000000   Number         0  cdrcmple.o ABSOLUTE
    dc.s                                     0x00000000   Number         0  dc.o ABSOLUTE
    handlers.s                               0x00000000   Number         0  handlers.o ABSOLUTE
    init.s                                   0x00000000   Number         0  init.o ABSOLUTE
    user\main.c                              0x00000000   Number         0  main.o ABSOLUTE
    user\stm32f10x_it.c                      0x00000000   Number         0  stm32f10x_it.o ABSOLUTE
    RESET                                    0x08000000   Section      336  startup_stm32f10x_cl.o(RESET)
    .ARM.Collect$$$$00000000                 0x08000150   Section        0  entry.o(.ARM.Collect$$$$00000000)
    .ARM.Collect$$$$00000001                 0x08000150   Section        4  entry2.o(.ARM.Collect$$$$00000001)
    .ARM.Collect$$$$00000004                 0x08000154   Section        4  entry5.o(.ARM.Collect$$$$00000004)
    .ARM.Collect$$$$00000008                 0x08000158   Section        0  entry7b.o(.ARM.Collect$$$$00000008)
    .ARM.Collect$$$$0000000A                 0x08000158   Section        0  entry8b.o(.ARM.Collect$$$$0000000A)
    .ARM.Collect$$$$0000000B                 0x08000158   Section        8  entry9a.o(.ARM.Collect$$$$0000000B)
    .ARM.Collect$$$$0000000D                 0x08000160   Section        0  entry10a.o(.ARM.Collect$$$$0000000D)
    .ARM.Collect$$$$0000000F                 0x08000160   Section        0  entry11a.o(.ARM.Collect$$$$0000000F)
    .ARM.Collect$$$$00002712                 0x08000160   Section        4  entry2.o(.ARM.Collect$$$$00002712)
    __lit__00000000                          0x08000160   Data           4  entry2.o(.ARM.Collect$$$$00002712)
    .emb_text                                0x08000164   Section       32  core_cm3.o(.emb_text)
    .text                                    0x08000184   Section        0  main.o(.text)
    Hardware_Init                            0x08000185   Thumb Code    38  main.o(.text)
    Show_Version                             0x080001ab   Thumb Code    40  main.o(.text)
    .text                                    0x080002f0   Section        0  stm32f10x_it.o(.text)
    .text                                    0x08000440   Section        0  usart.o(.text)
    .text                                    0x080005bc   Section        0  android.o(.text)
    Android_Check_Rx_Data                    0x080005bd   Thumb Code    70  android.o(.text)
    .text                                    0x080008d4   Section        0  led.o(.text)
    .text                                    0x08000a0c   Section        0  bsp_flash.o(.text)
    BSP_FLASHWrite_NoCheck                   0x08000a35   Thumb Code    38  bsp_flash.o(.text)
    .text                                    0x08000b54   Section        0  bsp_ota.o(.text)
    Iap_Load_App                             0x08000b55   Thumb Code    36  bsp_ota.o(.text)
    Update_Firmware                          0x08000b79   Thumb Code    54  bsp_ota.o(.text)
    IAP_Write_APP                            0x08000baf   Thumb Code   128  bsp_ota.o(.text)
    .text                                    0x08000ed4   Section       36  startup_stm32f10x_cl.o(.text)
    .text                                    0x08000ef8   Section        0  stm32f10x_gpio.o(.text)
    .text                                    0x08001254   Section        0  stm32f10x_rcc.o(.text)
    .text                                    0x08001758   Section        0  misc.o(.text)
    .text                                    0x08001834   Section        0  stm32f10x_flash.o(.text)
    .text                                    0x08001df0   Section        0  stm32f10x_usart.o(.text)
    .text                                    0x080021f8   Section        0  system_stm32f10x.o(.text)
    SetSysClockTo72                          0x080021f9   Thumb Code   264  system_stm32f10x.o(.text)
    SetSysClock                              0x08002301   Thumb Code     8  system_stm32f10x.o(.text)
    .text                                    0x0800247c   Section        0  memseta.o(.text)
    .text                                    0x080024a0   Section        0  uldiv.o(.text)
    .text                                    0x08002504   Section       36  init.o(.text)
    .text                                    0x08002528   Section        0  llshl.o(.text)
    .text                                    0x08002546   Section        0  llushr.o(.text)
    i.__0printf$5                            0x08002568   Section        0  printf5.o(i.__0printf$5)
    i.__scatterload_copy                     0x08002588   Section       14  handlers.o(i.__scatterload_copy)
    i.__scatterload_null                     0x08002596   Section        2  handlers.o(i.__scatterload_null)
    i.__scatterload_zeroinit                 0x08002598   Section       14  handlers.o(i.__scatterload_zeroinit)
    i._printf_core                           0x080025a8   Section        0  printf5.o(i._printf_core)
    _printf_core                             0x080025a9   Thumb Code   658  printf5.o(i._printf_core)
    .data                                    0x20000000   Section        2  stm32f10x_it.o(.data)
    .data                                    0x20000002   Section        1  android.o(.data)
    .data                                    0x20000003   Section        2  led.o(.data)
    ledshow                                  0x20000004   Data           1  led.o(.data)
    .data                                    0x20000008   Section       22  bsp_ota.o(.data)
    oldCount                                 0x2000001c   Data           2  bsp_ota.o(.data)
    .data                                    0x2000001e   Section       20  stm32f10x_rcc.o(.data)
    APBAHBPrescTable                         0x2000001e   Data          16  stm32f10x_rcc.o(.data)
    ADCPrescTable                            0x2000002e   Data           4  stm32f10x_rcc.o(.data)
    .data                                    0x20000034   Section       20  system_stm32f10x.o(.data)
    .data                                    0x20000048   Section        4  stdout.o(.data)
    .bss                                     0x2000004c   Section       34  android.o(.bss)
    Usart2RxDataBuf                          0x2000004c   Data          12  android.o(.bss)
    STACK                                    0x20000070   Section     3072  startup_stm32f10x_cl.o(STACK)
    .ARM.__AT_0x20001000                     0x20001000   Section    40960  bsp_ota.o(.ARM.__AT_0x20001000)

    Global Symbols

    Symbol Name                              Value     Ov Type        Size  Object(Section)

    BuildAttributes$$THM_ISAv4$P$D$K$B$S$PE$A:L22UL41UL21$X:L11$S22US41US21$IEEE1$IW$USESV6$~STKCKD$USESV7$~SHL$OSPACE$ROPI$EBA8$MICROLIB$REQ8$PRES8$EABIv2 0x00000000   Number         0  anon$$obj.o ABSOLUTE
    __ARM_use_no_argv                        0x00000000   Number         0  main.o ABSOLUTE
    _printf_a                                0x00000000   Number         0  stubs.o ABSOLUTE
    _printf_c                                0x00000000   Number         0  stubs.o ABSOLUTE
    _printf_charcount                        0x00000000   Number         0  stubs.o ABSOLUTE
    _printf_d                                0x00000000   Number         0  stubs.o ABSOLUTE
    _printf_e                                0x00000000   Number         0  stubs.o ABSOLUTE
    _printf_f                                0x00000000   Number         0  stubs.o ABSOLUTE
    _printf_flags                            0x00000000   Number         0  stubs.o ABSOLUTE
    _printf_fp_dec                           0x00000000   Number         0  stubs.o ABSOLUTE
    _printf_fp_hex                           0x00000000   Number         0  stubs.o ABSOLUTE
    _printf_g                                0x00000000   Number         0  stubs.o ABSOLUTE
    _printf_i                                0x00000000   Number         0  stubs.o ABSOLUTE
    _printf_int_dec                          0x00000000   Number         0  stubs.o ABSOLUTE
    _printf_l                                0x00000000   Number         0  stubs.o ABSOLUTE
    _printf_lc                               0x00000000   Number         0  stubs.o ABSOLUTE
    _printf_ll                               0x00000000   Number         0  stubs.o ABSOLUTE
    _printf_lld                              0x00000000   Number         0  stubs.o ABSOLUTE
    _printf_lli                              0x00000000   Number         0  stubs.o ABSOLUTE
    _printf_llo                              0x00000000   Number         0  stubs.o ABSOLUTE
    _printf_llu                              0x00000000   Number         0  stubs.o ABSOLUTE
    _printf_llx                              0x00000000   Number         0  stubs.o ABSOLUTE
    _printf_longlong_dec                     0x00000000   Number         0  stubs.o ABSOLUTE
    _printf_longlong_hex                     0x00000000   Number         0  stubs.o ABSOLUTE
    _printf_longlong_oct                     0x00000000   Number         0  stubs.o ABSOLUTE
    _printf_ls                               0x00000000   Number         0  stubs.o ABSOLUTE
    _printf_mbtowc                           0x00000000   Number         0  stubs.o ABSOLUTE
    _printf_n                                0x00000000   Number         0  stubs.o ABSOLUTE
    _printf_o                                0x00000000   Number         0  stubs.o ABSOLUTE
    _printf_p                                0x00000000   Number         0  stubs.o ABSOLUTE
    _printf_percent                          0x00000000   Number         0  stubs.o ABSOLUTE
    _printf_pre_padding                      0x00000000   Number         0  stubs.o ABSOLUTE
    _printf_return_value                     0x00000000   Number         0  stubs.o ABSOLUTE
    _printf_s                                0x00000000   Number         0  stubs.o ABSOLUTE
    _printf_sizespec                         0x00000000   Number         0  stubs.o ABSOLUTE
    _printf_str                              0x00000000   Number         0  stubs.o ABSOLUTE
    _printf_truncate_signed                  0x00000000   Number         0  stubs.o ABSOLUTE
    _printf_truncate_unsigned                0x00000000   Number         0  stubs.o ABSOLUTE
    _printf_u                                0x00000000   Number         0  stubs.o ABSOLUTE
    _printf_wc                               0x00000000   Number         0  stubs.o ABSOLUTE
    _printf_wctomb                           0x00000000   Number         0  stubs.o ABSOLUTE
    _printf_widthprec                        0x00000000   Number         0  stubs.o ABSOLUTE
    _printf_x                                0x00000000   Number         0  stubs.o ABSOLUTE
    __cpp_initialize__aeabi_                  - Undefined Weak Reference
    __cxa_finalize                            - Undefined Weak Reference
    __decompress                              - Undefined Weak Reference
    _clock_init                               - Undefined Weak Reference
    _microlib_exit                            - Undefined Weak Reference
    __Vectors_Size                           0x00000150   Number         0  startup_stm32f10x_cl.o ABSOLUTE
    __Vectors                                0x08000000   Data           4  startup_stm32f10x_cl.o(RESET)
    __Vectors_End                            0x08000150   Data           0  startup_stm32f10x_cl.o(RESET)
    __main                                   0x08000151   Thumb Code     0  entry.o(.ARM.Collect$$$$00000000)
    _main_stk                                0x08000151   Thumb Code     0  entry2.o(.ARM.Collect$$$$00000001)
    _main_scatterload                        0x08000155   Thumb Code     0  entry5.o(.ARM.Collect$$$$00000004)
    __main_after_scatterload                 0x08000159   Thumb Code     0  entry5.o(.ARM.Collect$$$$00000004)
    _main_clock                              0x08000159   Thumb Code     0  entry7b.o(.ARM.Collect$$$$00000008)
    _main_cpp_init                           0x08000159   Thumb Code     0  entry8b.o(.ARM.Collect$$$$0000000A)
    _main_init                               0x08000159   Thumb Code     0  entry9a.o(.ARM.Collect$$$$0000000B)
    __rt_final_cpp                           0x08000161   Thumb Code     0  entry10a.o(.ARM.Collect$$$$0000000D)
    __rt_final_exit                          0x08000161   Thumb Code     0  entry11a.o(.ARM.Collect$$$$0000000F)
    __get_PSP                                0x08000165   Thumb Code     6  core_cm3.o(.emb_text)
    __set_PSP                                0x0800016b   Thumb Code     6  core_cm3.o(.emb_text)
    __get_MSP                                0x08000171   Thumb Code     6  core_cm3.o(.emb_text)
    __set_MSP                                0x08000177   Thumb Code     6  core_cm3.o(.emb_text)
    __REV16                                  0x0800017d   Thumb Code     4  core_cm3.o(.emb_text)
    __REVSH                                  0x08000181   Thumb Code     4  core_cm3.o(.emb_text)
    BSP_Delay_us                             0x080001d3   Thumb Code    72  main.o(.text)
    main                                     0x0800021b   Thumb Code    50  main.o(.text)
    NMI_Handler                              0x080002f1   Thumb Code     2  stm32f10x_it.o(.text)
    USART2_IRQHandler                        0x080002f3   Thumb Code   122  stm32f10x_it.o(.text)
    USART3_IRQHandler                        0x0800036d   Thumb Code   100  stm32f10x_it.o(.text)
    CAN1_RX0_IRQHandler                      0x080003d1   Thumb Code     2  stm32f10x_it.o(.text)
    CAN2_RX0_IRQHandler                      0x080003d3   Thumb Code     2  stm32f10x_it.o(.text)
    HardFault_Handler                        0x080003d5   Thumb Code     4  stm32f10x_it.o(.text)
    MemManage_Handler                        0x080003d9   Thumb Code     4  stm32f10x_it.o(.text)
    BusFault_Handler                         0x080003dd   Thumb Code     4  stm32f10x_it.o(.text)
    UsageFault_Handler                       0x080003e1   Thumb Code     4  stm32f10x_it.o(.text)
    SVC_Handler                              0x080003e5   Thumb Code     2  stm32f10x_it.o(.text)
    DebugMon_Handler                         0x080003e7   Thumb Code     2  stm32f10x_it.o(.text)
    PendSV_Handler                           0x080003e9   Thumb Code     2  stm32f10x_it.o(.text)
    SysTick_Handler                          0x080003eb   Thumb Code     2  stm32f10x_it.o(.text)
    EXTI9_5_IRQHandler                       0x080003ed   Thumb Code     2  stm32f10x_it.o(.text)
    EXTI1_IRQHandler                         0x080003ef   Thumb Code     2  stm32f10x_it.o(.text)
    EXTI2_IRQHandler                         0x080003f1   Thumb Code     2  stm32f10x_it.o(.text)
    EXTI3_IRQHandler                         0x080003f3   Thumb Code     2  stm32f10x_it.o(.text)
    fputc                                    0x08000441   Thumb Code    32  usart.o(.text)
    USART2_Config                            0x08000461   Thumb Code   162  usart.o(.text)
    USART3_Config                            0x08000503   Thumb Code   168  usart.o(.text)
    Android_Uart_Send_Data                   0x08000603   Thumb Code   124  android.o(.text)
    Check_Cmd_Android                        0x0800067f   Thumb Code   358  android.o(.text)
    Led_GPIO_Init                            0x080008d5   Thumb Code    36  led.o(.text)
    LOCK_GPIO_Init                           0x080008f9   Thumb Code    44  led.o(.text)
    FAN_GPIO_Init                            0x08000925   Thumb Code    66  led.o(.text)
    Led_Run_Show                             0x08000967   Thumb Code    40  led.o(.text)
    Lock_Check                               0x0800098f   Thumb Code    72  led.o(.text)
    BSP_FLASHReadHalfWord                    0x08000a0d   Thumb Code     6  bsp_flash.o(.text)
    BSP_FLASHRead                            0x08000a13   Thumb Code    34  bsp_flash.o(.text)
    BSP_FLASHWrite                           0x08000a5b   Thumb Code   236  bsp_flash.o(.text)
    Receive_Firmware                         0x08000c2f   Thumb Code    30  bsp_ota.o(.text)
    check_Firmware                           0x08000c4d   Thumb Code    72  bsp_ota.o(.text)
    BSP_Flash_Init                           0x08000c95   Thumb Code   194  bsp_ota.o(.text)
    Reset_Handler                            0x08000ed5   Thumb Code     8  startup_stm32f10x_cl.o(.text)
    ADC1_2_IRQHandler                        0x08000eef   Thumb Code     0  startup_stm32f10x_cl.o(.text)
    CAN1_RX1_IRQHandler                      0x08000eef   Thumb Code     0  startup_stm32f10x_cl.o(.text)
    CAN1_SCE_IRQHandler                      0x08000eef   Thumb Code     0  startup_stm32f10x_cl.o(.text)
    CAN1_TX_IRQHandler                       0x08000eef   Thumb Code     0  startup_stm32f10x_cl.o(.text)
    CAN2_RX1_IRQHandler                      0x08000eef   Thumb Code     0  startup_stm32f10x_cl.o(.text)
    CAN2_SCE_IRQHandler                      0x08000eef   Thumb Code     0  startup_stm32f10x_cl.o(.text)
    CAN2_TX_IRQHandler                       0x08000eef   Thumb Code     0  startup_stm32f10x_cl.o(.text)
    DMA1_Channel1_IRQHandler                 0x08000eef   Thumb Code     0  startup_stm32f10x_cl.o(.text)
    DMA1_Channel2_IRQHandler                 0x08000eef   Thumb Code     0  startup_stm32f10x_cl.o(.text)
    DMA1_Channel3_IRQHandler                 0x08000eef   Thumb Code     0  startup_stm32f10x_cl.o(.text)
    DMA1_Channel4_IRQHandler                 0x08000eef   Thumb Code     0  startup_stm32f10x_cl.o(.text)
    DMA1_Channel5_IRQHandler                 0x08000eef   Thumb Code     0  startup_stm32f10x_cl.o(.text)
    DMA1_Channel6_IRQHandler                 0x08000eef   Thumb Code     0  startup_stm32f10x_cl.o(.text)
    DMA1_Channel7_IRQHandler                 0x08000eef   Thumb Code     0  startup_stm32f10x_cl.o(.text)
    DMA2_Channel1_IRQHandler                 0x08000eef   Thumb Code     0  startup_stm32f10x_cl.o(.text)
    DMA2_Channel2_IRQHandler                 0x08000eef   Thumb Code     0  startup_stm32f10x_cl.o(.text)
    DMA2_Channel3_IRQHandler                 0x08000eef   Thumb Code     0  startup_stm32f10x_cl.o(.text)
    DMA2_Channel4_IRQHandler                 0x08000eef   Thumb Code     0  startup_stm32f10x_cl.o(.text)
    DMA2_Channel5_IRQHandler                 0x08000eef   Thumb Code     0  startup_stm32f10x_cl.o(.text)
    ETH_IRQHandler                           0x08000eef   Thumb Code     0  startup_stm32f10x_cl.o(.text)
    ETH_WKUP_IRQHandler                      0x08000eef   Thumb Code     0  startup_stm32f10x_cl.o(.text)
    EXTI0_IRQHandler                         0x08000eef   Thumb Code     0  startup_stm32f10x_cl.o(.text)
    EXTI15_10_IRQHandler                     0x08000eef   Thumb Code     0  startup_stm32f10x_cl.o(.text)
    EXTI4_IRQHandler                         0x08000eef   Thumb Code     0  startup_stm32f10x_cl.o(.text)
    FLASH_IRQHandler                         0x08000eef   Thumb Code     0  startup_stm32f10x_cl.o(.text)
    I2C1_ER_IRQHandler                       0x08000eef   Thumb Code     0  startup_stm32f10x_cl.o(.text)
    I2C1_EV_IRQHandler                       0x08000eef   Thumb Code     0  startup_stm32f10x_cl.o(.text)
    I2C2_ER_IRQHandler                       0x08000eef   Thumb Code     0  startup_stm32f10x_cl.o(.text)
    I2C2_EV_IRQHandler                       0x08000eef   Thumb Code     0  startup_stm32f10x_cl.o(.text)
    OTG_FS_IRQHandler                        0x08000eef   Thumb Code     0  startup_stm32f10x_cl.o(.text)
    OTG_FS_WKUP_IRQHandler                   0x08000eef   Thumb Code     0  startup_stm32f10x_cl.o(.text)
    PVD_IRQHandler                           0x08000eef   Thumb Code     0  startup_stm32f10x_cl.o(.text)
    RCC_IRQHandler                           0x08000eef   Thumb Code     0  startup_stm32f10x_cl.o(.text)
    RTCAlarm_IRQHandler                      0x08000eef   Thumb Code     0  startup_stm32f10x_cl.o(.text)
    RTC_IRQHandler                           0x08000eef   Thumb Code     0  startup_stm32f10x_cl.o(.text)
    SPI1_IRQHandler                          0x08000eef   Thumb Code     0  startup_stm32f10x_cl.o(.text)
    SPI2_IRQHandler                          0x08000eef   Thumb Code     0  startup_stm32f10x_cl.o(.text)
    SPI3_IRQHandler                          0x08000eef   Thumb Code     0  startup_stm32f10x_cl.o(.text)
    TAMPER_IRQHandler                        0x08000eef   Thumb Code     0  startup_stm32f10x_cl.o(.text)
    TIM1_BRK_IRQHandler                      0x08000eef   Thumb Code     0  startup_stm32f10x_cl.o(.text)
    TIM1_CC_IRQHandler                       0x08000eef   Thumb Code     0  startup_stm32f10x_cl.o(.text)
    TIM1_TRG_COM_IRQHandler                  0x08000eef   Thumb Code     0  startup_stm32f10x_cl.o(.text)
    TIM1_UP_IRQHandler                       0x08000eef   Thumb Code     0  startup_stm32f10x_cl.o(.text)
    TIM2_IRQHandler                          0x08000eef   Thumb Code     0  startup_stm32f10x_cl.o(.text)
    TIM3_IRQHandler                          0x08000eef   Thumb Code     0  startup_stm32f10x_cl.o(.text)
    TIM4_IRQHandler                          0x08000eef   Thumb Code     0  startup_stm32f10x_cl.o(.text)
    TIM5_IRQHandler                          0x08000eef   Thumb Code     0  startup_stm32f10x_cl.o(.text)
    TIM6_IRQHandler                          0x08000eef   Thumb Code     0  startup_stm32f10x_cl.o(.text)
    TIM7_IRQHandler                          0x08000eef   Thumb Code     0  startup_stm32f10x_cl.o(.text)
    UART4_IRQHandler                         0x08000eef   Thumb Code     0  startup_stm32f10x_cl.o(.text)
    UART5_IRQHandler                         0x08000eef   Thumb Code     0  startup_stm32f10x_cl.o(.text)
    USART1_IRQHandler                        0x08000eef   Thumb Code     0  startup_stm32f10x_cl.o(.text)
    WWDG_IRQHandler                          0x08000eef   Thumb Code     0  startup_stm32f10x_cl.o(.text)
    GPIO_DeInit                              0x08000ef9   Thumb Code   172  stm32f10x_gpio.o(.text)
    GPIO_AFIODeInit                          0x08000fa5   Thumb Code    20  stm32f10x_gpio.o(.text)
    GPIO_Init                                0x08000fb9   Thumb Code   278  stm32f10x_gpio.o(.text)
    GPIO_StructInit                          0x080010cf   Thumb Code    16  stm32f10x_gpio.o(.text)
    GPIO_ReadInputDataBit                    0x080010df   Thumb Code    18  stm32f10x_gpio.o(.text)
    GPIO_ReadInputData                       0x080010f1   Thumb Code     8  stm32f10x_gpio.o(.text)
    GPIO_ReadOutputDataBit                   0x080010f9   Thumb Code    18  stm32f10x_gpio.o(.text)
    GPIO_ReadOutputData                      0x0800110b   Thumb Code     8  stm32f10x_gpio.o(.text)
    GPIO_SetBits                             0x08001113   Thumb Code     4  stm32f10x_gpio.o(.text)
    GPIO_ResetBits                           0x08001117   Thumb Code     4  stm32f10x_gpio.o(.text)
    GPIO_WriteBit                            0x0800111b   Thumb Code    10  stm32f10x_gpio.o(.text)
    GPIO_Write                               0x08001125   Thumb Code     4  stm32f10x_gpio.o(.text)
    GPIO_PinLockConfig                       0x08001129   Thumb Code    18  stm32f10x_gpio.o(.text)
    GPIO_EventOutputConfig                   0x0800113b   Thumb Code    26  stm32f10x_gpio.o(.text)
    GPIO_EventOutputCmd                      0x08001155   Thumb Code     6  stm32f10x_gpio.o(.text)
    GPIO_PinRemapConfig                      0x0800115b   Thumb Code   138  stm32f10x_gpio.o(.text)
    GPIO_EXTILineConfig                      0x080011e5   Thumb Code    66  stm32f10x_gpio.o(.text)
    GPIO_ETH_MediaInterfaceConfig            0x08001227   Thumb Code     8  stm32f10x_gpio.o(.text)
    RCC_DeInit                               0x08001255   Thumb Code    78  stm32f10x_rcc.o(.text)
    RCC_HSEConfig                            0x080012a3   Thumb Code    70  stm32f10x_rcc.o(.text)
    RCC_GetFlagStatus                        0x080012e9   Thumb Code    56  stm32f10x_rcc.o(.text)
    RCC_WaitForHSEStartUp                    0x08001321   Thumb Code    56  stm32f10x_rcc.o(.text)
    RCC_AdjustHSICalibrationValue            0x08001359   Thumb Code    20  stm32f10x_rcc.o(.text)
    RCC_HSICmd                               0x0800136d   Thumb Code     6  stm32f10x_rcc.o(.text)
    RCC_PLLConfig                            0x08001373   Thumb Code    24  stm32f10x_rcc.o(.text)
    RCC_PLLCmd                               0x0800138b   Thumb Code     6  stm32f10x_rcc.o(.text)
    RCC_PREDIV1Config                        0x08001391   Thumb Code    24  stm32f10x_rcc.o(.text)
    RCC_PREDIV2Config                        0x080013a9   Thumb Code    18  stm32f10x_rcc.o(.text)
    RCC_PLL2Config                           0x080013bb   Thumb Code    18  stm32f10x_rcc.o(.text)
    RCC_PLL2Cmd                              0x080013cd   Thumb Code     6  stm32f10x_rcc.o(.text)
    RCC_PLL3Config                           0x080013d3   Thumb Code    18  stm32f10x_rcc.o(.text)
    RCC_PLL3Cmd                              0x080013e5   Thumb Code     6  stm32f10x_rcc.o(.text)
    RCC_SYSCLKConfig                         0x080013eb   Thumb Code    18  stm32f10x_rcc.o(.text)
    RCC_GetSYSCLKSource                      0x080013fd   Thumb Code    10  stm32f10x_rcc.o(.text)
    RCC_HCLKConfig                           0x08001407   Thumb Code    18  stm32f10x_rcc.o(.text)
    RCC_PCLK1Config                          0x08001419   Thumb Code    18  stm32f10x_rcc.o(.text)
    RCC_PCLK2Config                          0x0800142b   Thumb Code    20  stm32f10x_rcc.o(.text)
    RCC_ITConfig                             0x0800143f   Thumb Code    26  stm32f10x_rcc.o(.text)
    RCC_OTGFSCLKConfig                       0x08001459   Thumb Code     8  stm32f10x_rcc.o(.text)
    RCC_ADCCLKConfig                         0x08001461   Thumb Code    18  stm32f10x_rcc.o(.text)
    RCC_I2S2CLKConfig                        0x08001473   Thumb Code     6  stm32f10x_rcc.o(.text)
    RCC_I2S3CLKConfig                        0x08001479   Thumb Code     8  stm32f10x_rcc.o(.text)
    RCC_LSEConfig                            0x08001481   Thumb Code    50  stm32f10x_rcc.o(.text)
    RCC_LSICmd                               0x080014b3   Thumb Code     6  stm32f10x_rcc.o(.text)
    RCC_RTCCLKConfig                         0x080014b9   Thumb Code    12  stm32f10x_rcc.o(.text)
    RCC_RTCCLKCmd                            0x080014c5   Thumb Code     8  stm32f10x_rcc.o(.text)
    RCC_GetClocksFreq                        0x080014cd   Thumb Code   424  stm32f10x_rcc.o(.text)
    RCC_AHBPeriphClockCmd                    0x08001675   Thumb Code    26  stm32f10x_rcc.o(.text)
    RCC_APB2PeriphClockCmd                   0x0800168f   Thumb Code    26  stm32f10x_rcc.o(.text)
    RCC_APB1PeriphClockCmd                   0x080016a9   Thumb Code    26  stm32f10x_rcc.o(.text)
    RCC_AHBPeriphResetCmd                    0x080016c3   Thumb Code    26  stm32f10x_rcc.o(.text)
    RCC_APB2PeriphResetCmd                   0x080016dd   Thumb Code    26  stm32f10x_rcc.o(.text)
    RCC_APB1PeriphResetCmd                   0x080016f7   Thumb Code    26  stm32f10x_rcc.o(.text)
    RCC_BackupResetCmd                       0x08001711   Thumb Code     6  stm32f10x_rcc.o(.text)
    RCC_ClockSecuritySystemCmd               0x08001717   Thumb Code     6  stm32f10x_rcc.o(.text)
    RCC_MCOConfig                            0x0800171d   Thumb Code     6  stm32f10x_rcc.o(.text)
    RCC_ClearFlag                            0x08001723   Thumb Code    14  stm32f10x_rcc.o(.text)
    RCC_GetITStatus                          0x08001731   Thumb Code    20  stm32f10x_rcc.o(.text)
    RCC_ClearITPendingBit                    0x08001745   Thumb Code     6  stm32f10x_rcc.o(.text)
    NVIC_PriorityGroupConfig                 0x08001759   Thumb Code    10  misc.o(.text)
    NVIC_Init                                0x08001763   Thumb Code   100  misc.o(.text)
    NVIC_SetVectorTable                      0x080017c7   Thumb Code    14  misc.o(.text)
    NVIC_SystemLPConfig                      0x080017d5   Thumb Code    34  misc.o(.text)
    SysTick_CLKSourceConfig                  0x080017f7   Thumb Code    40  misc.o(.text)
    FLASH_SetLatency                         0x08001835   Thumb Code    18  stm32f10x_flash.o(.text)
    FLASH_HalfCycleAccessCmd                 0x08001847   Thumb Code    22  stm32f10x_flash.o(.text)
    FLASH_PrefetchBufferCmd                  0x0800185d   Thumb Code    22  stm32f10x_flash.o(.text)
    FLASH_Unlock                             0x08001873   Thumb Code    12  stm32f10x_flash.o(.text)
    FLASH_UnlockBank1                        0x0800187f   Thumb Code    12  stm32f10x_flash.o(.text)
    FLASH_Lock                               0x0800188b   Thumb Code    14  stm32f10x_flash.o(.text)
    FLASH_LockBank1                          0x08001899   Thumb Code    14  stm32f10x_flash.o(.text)
    FLASH_GetBank1Status                     0x080018a7   Thumb Code    48  stm32f10x_flash.o(.text)
    FLASH_WaitForLastOperation               0x080018d7   Thumb Code    38  stm32f10x_flash.o(.text)
    FLASH_ErasePage                          0x080018fd   Thumb Code    72  stm32f10x_flash.o(.text)
    FLASH_EraseAllPages                      0x08001945   Thumb Code    68  stm32f10x_flash.o(.text)
    FLASH_WaitForLastBank1Operation          0x08001989   Thumb Code    38  stm32f10x_flash.o(.text)
    FLASH_EraseAllBank1Pages                 0x080019af   Thumb Code    68  stm32f10x_flash.o(.text)
    FLASH_GetReadOutProtectionStatus         0x080019f3   Thumb Code    20  stm32f10x_flash.o(.text)
    FLASH_EraseOptionBytes                   0x08001a07   Thumb Code   150  stm32f10x_flash.o(.text)
    FLASH_ProgramWord                        0x08001a9d   Thumb Code   102  stm32f10x_flash.o(.text)
    FLASH_ProgramHalfWord                    0x08001b03   Thumb Code    60  stm32f10x_flash.o(.text)
    FLASH_ProgramOptionByteData              0x08001b3f   Thumb Code    72  stm32f10x_flash.o(.text)
    FLASH_EnableWriteProtection              0x08001b87   Thumb Code   200  stm32f10x_flash.o(.text)
    FLASH_ReadOutProtection                  0x08001c4f   Thumb Code   156  stm32f10x_flash.o(.text)
    FLASH_UserOptionByteConfig               0x08001ceb   Thumb Code    88  stm32f10x_flash.o(.text)
    FLASH_GetUserOptionByte                  0x08001d43   Thumb Code     8  stm32f10x_flash.o(.text)
    FLASH_GetWriteProtectionOptionByte       0x08001d4b   Thumb Code     6  stm32f10x_flash.o(.text)
    FLASH_GetPrefetchBufferStatus            0x08001d51   Thumb Code    20  stm32f10x_flash.o(.text)
    FLASH_ITConfig                           0x08001d65   Thumb Code    26  stm32f10x_flash.o(.text)
    FLASH_GetFlagStatus                      0x08001d7f   Thumb Code    42  stm32f10x_flash.o(.text)
    FLASH_ClearFlag                          0x08001da9   Thumb Code     6  stm32f10x_flash.o(.text)
    FLASH_GetStatus                          0x08001daf   Thumb Code    48  stm32f10x_flash.o(.text)
    USART_DeInit                             0x08001df1   Thumb Code   134  stm32f10x_usart.o(.text)
    USART_Init                               0x08001e77   Thumb Code   210  stm32f10x_usart.o(.text)
    USART_StructInit                         0x08001f49   Thumb Code    24  stm32f10x_usart.o(.text)
    USART_ClockInit                          0x08001f61   Thumb Code    34  stm32f10x_usart.o(.text)
    USART_ClockStructInit                    0x08001f83   Thumb Code    12  stm32f10x_usart.o(.text)
    USART_Cmd                                0x08001f8f   Thumb Code    24  stm32f10x_usart.o(.text)
    USART_ITConfig                           0x08001fa7   Thumb Code    74  stm32f10x_usart.o(.text)
    USART_DMACmd                             0x08001ff1   Thumb Code    18  stm32f10x_usart.o(.text)
    USART_SetAddress                         0x08002003   Thumb Code    18  stm32f10x_usart.o(.text)
    USART_WakeUpConfig                       0x08002015   Thumb Code    18  stm32f10x_usart.o(.text)
    USART_ReceiverWakeUpCmd                  0x08002027   Thumb Code    24  stm32f10x_usart.o(.text)
    USART_LINBreakDetectLengthConfig         0x0800203f   Thumb Code    18  stm32f10x_usart.o(.text)
    USART_LINCmd                             0x08002051   Thumb Code    24  stm32f10x_usart.o(.text)
    USART_SendData                           0x08002069   Thumb Code     8  stm32f10x_usart.o(.text)
    USART_ReceiveData                        0x08002071   Thumb Code    10  stm32f10x_usart.o(.text)
    USART_SendBreak                          0x0800207b   Thumb Code    10  stm32f10x_usart.o(.text)
    USART_SetGuardTime                       0x08002085   Thumb Code    16  stm32f10x_usart.o(.text)
    USART_SetPrescaler                       0x08002095   Thumb Code    16  stm32f10x_usart.o(.text)
    USART_SmartCardCmd                       0x080020a5   Thumb Code    24  stm32f10x_usart.o(.text)
    USART_SmartCardNACKCmd                   0x080020bd   Thumb Code    24  stm32f10x_usart.o(.text)
    USART_HalfDuplexCmd                      0x080020d5   Thumb Code    24  stm32f10x_usart.o(.text)
    USART_OverSampling8Cmd                   0x080020ed   Thumb Code    22  stm32f10x_usart.o(.text)
    USART_OneBitMethodCmd                    0x08002103   Thumb Code    24  stm32f10x_usart.o(.text)
    USART_IrDAConfig                         0x0800211b   Thumb Code    18  stm32f10x_usart.o(.text)
    USART_IrDACmd                            0x0800212d   Thumb Code    24  stm32f10x_usart.o(.text)
    USART_GetFlagStatus                      0x08002145   Thumb Code    26  stm32f10x_usart.o(.text)
    USART_ClearFlag                          0x0800215f   Thumb Code    18  stm32f10x_usart.o(.text)
    USART_GetITStatus                        0x08002171   Thumb Code    84  stm32f10x_usart.o(.text)
    USART_ClearITPendingBit                  0x080021c5   Thumb Code    52  stm32f10x_usart.o(.text)
    SystemInit                               0x08002309   Thumb Code    92  system_stm32f10x.o(.text)
    SystemCoreClockUpdate                    0x08002365   Thumb Code   232  system_stm32f10x.o(.text)
    __aeabi_memset                           0x0800247d   Thumb Code    14  memseta.o(.text)
    __aeabi_memset4                          0x0800247d   Thumb Code     0  memseta.o(.text)
    __aeabi_memset8                          0x0800247d   Thumb Code     0  memseta.o(.text)
    __aeabi_memclr                           0x0800248b   Thumb Code     4  memseta.o(.text)
    __aeabi_memclr4                          0x0800248b   Thumb Code     0  memseta.o(.text)
    __aeabi_memclr8                          0x0800248b   Thumb Code     0  memseta.o(.text)
    _memset$wrapper                          0x0800248f   Thumb Code    18  memseta.o(.text)
    __aeabi_uldivmod                         0x080024a1   Thumb Code    98  uldiv.o(.text)
    __scatterload                            0x08002505   Thumb Code    28  init.o(.text)
    __scatterload_rt2                        0x08002505   Thumb Code     0  init.o(.text)
    __aeabi_llsl                             0x08002529   Thumb Code    30  llshl.o(.text)
    _ll_shift_l                              0x08002529   Thumb Code     0  llshl.o(.text)
    __aeabi_llsr                             0x08002547   Thumb Code    32  llushr.o(.text)
    _ll_ushift_r                             0x08002547   Thumb Code     0  llushr.o(.text)
    __0printf$5                              0x08002569   Thumb Code    22  printf5.o(i.__0printf$5)
    __1printf$5                              0x08002569   Thumb Code     0  printf5.o(i.__0printf$5)
    __2printf                                0x08002569   Thumb Code     0  printf5.o(i.__0printf$5)
    __scatterload_copy                       0x08002589   Thumb Code    14  handlers.o(i.__scatterload_copy)
    __scatterload_null                       0x08002597   Thumb Code     2  handlers.o(i.__scatterload_null)
    __scatterload_zeroinit                   0x08002599   Thumb Code    14  handlers.o(i.__scatterload_zeroinit)
    Region$$Table$$Base                      0x08002868   Number         0  anon$$obj.o(Region$$Table)
    Region$$Table$$Limit                     0x08002888   Number         0  anon$$obj.o(Region$$Table)
    gUsart2RxDataCounter                     0x20000000   Data           1  stm32f10x_it.o(.data)
    UART3_buf                                0x20000001   Data           1  stm32f10x_it.o(.data)
    fUsart2Rx                                0x20000002   Data           1  android.o(.data)
    Lock_Time                                0x20000003   Data           1  led.o(.data)
    OTA                                      0x20000008   Data           8  bsp_ota.o(.data)
    Usart_Rx_Cnt                             0x20000010   Data           2  bsp_ota.o(.data)
    oldCount                                 0x20000012   Data           2  bsp_ota.o(.data)
    AppLenth                                 0x20000014   Data           2  bsp_ota.o(.data)
    jump2app                                 0x20000018   Data           4  bsp_ota.o(.data)
    SystemCoreClock                          0x20000034   Data           4  system_stm32f10x.o(.data)
    AHBPrescTable                            0x20000038   Data          16  system_stm32f10x.o(.data)
    __stdout                                 0x20000048   Data           4  stdout.o(.data)
    Usart2RxData                             0x20000058   Data          12  android.o(.bss)
    Usart2SendData                           0x20000064   Data          10  android.o(.bss)
    __initial_sp                             0x20000c70   Data           0  startup_stm32f10x_cl.o(STACK)
    OTA_RxBuf                                0x20001000   Data       40960  bsp_ota.o(.ARM.__AT_0x20001000)



==============================================================================

Memory Map of the image

  Image Entry point : 0x08000151

  Load Region LR_IROM1 (Base: 0x08000000, Size: 0x000028d4, Max: 0x00003c00, ABSOLUTE)

    Execution Region ER_IROM1 (Exec base: 0x08000000, Load base: 0x08000000, Size: 0x00002888, Max: 0x00003c00, ABSOLUTE)

    Exec Addr    Load Addr    Size         Type   Attr      Idx    E Section Name        Object

    0x08000000   0x08000000   0x00000150   Data   RO          239    RESET               startup_stm32f10x_cl.o
    0x08000150   0x08000150   0x00000000   Code   RO          357  * .ARM.Collect$$$$00000000  mc_w.l(entry.o)
    0x08000150   0x08000150   0x00000004   Code   RO          623    .ARM.Collect$$$$00000001  mc_w.l(entry2.o)
    0x08000154   0x08000154   0x00000004   Code   RO          626    .ARM.Collect$$$$00000004  mc_w.l(entry5.o)
    0x08000158   0x08000158   0x00000000   Code   RO          628    .ARM.Collect$$$$00000008  mc_w.l(entry7b.o)
    0x08000158   0x08000158   0x00000000   Code   RO          630    .ARM.Collect$$$$0000000A  mc_w.l(entry8b.o)
    0x08000158   0x08000158   0x00000008   Code   RO          631    .ARM.Collect$$$$0000000B  mc_w.l(entry9a.o)
    0x08000160   0x08000160   0x00000000   Code   RO          633    .ARM.Collect$$$$0000000D  mc_w.l(entry10a.o)
    0x08000160   0x08000160   0x00000000   Code   RO          635    .ARM.Collect$$$$0000000F  mc_w.l(entry11a.o)
    0x08000160   0x08000160   0x00000004   Code   RO          624    .ARM.Collect$$$$00002712  mc_w.l(entry2.o)
    0x08000164   0x08000164   0x00000020   Code   RO          322    .emb_text           core_cm3.o
    0x08000184   0x08000184   0x0000016c   Code   RO            1    .text               main.o
    0x080002f0   0x080002f0   0x00000150   Code   RO           84    .text               stm32f10x_it.o
    0x08000440   0x08000440   0x0000017c   Code   RO          102    .text               usart.o
    0x080005bc   0x080005bc   0x00000318   Code   RO          134    .text               android.o
    0x080008d4   0x080008d4   0x00000138   Code   RO          153    .text               led.o
    0x08000a0c   0x08000a0c   0x00000148   Code   RO          183    .text               bsp_flash.o
    0x08000b54   0x08000b54   0x00000380   Code   RO          218    .text               bsp_ota.o
    0x08000ed4   0x08000ed4   0x00000024   Code   RO          240    .text               startup_stm32f10x_cl.o
    0x08000ef8   0x08000ef8   0x0000035c   Code   RO          245    .text               stm32f10x_gpio.o
    0x08001254   0x08001254   0x00000504   Code   RO          257    .text               stm32f10x_rcc.o
    0x08001758   0x08001758   0x000000dc   Code   RO          271    .text               misc.o
    0x08001834   0x08001834   0x000005bc   Code   RO          298    .text               stm32f10x_flash.o
    0x08001df0   0x08001df0   0x00000408   Code   RO          310    .text               stm32f10x_usart.o
    0x080021f8   0x080021f8   0x00000284   Code   RO          332    .text               system_stm32f10x.o
    0x0800247c   0x0800247c   0x00000024   Code   RO          360    .text               mc_w.l(memseta.o)
    0x080024a0   0x080024a0   0x00000062   Code   RO          640    .text               mc_w.l(uldiv.o)
    0x08002502   0x08002502   0x00000002   PAD
    0x08002504   0x08002504   0x00000024   Code   RO          653    .text               mc_w.l(init.o)
    0x08002528   0x08002528   0x0000001e   Code   RO          655    .text               mc_w.l(llshl.o)
    0x08002546   0x08002546   0x00000020   Code   RO          657    .text               mc_w.l(llushr.o)
    0x08002566   0x08002566   0x00000002   PAD
    0x08002568   0x08002568   0x00000020   Code   RO          495    i.__0printf$5       mc_w.l(printf5.o)
    0x08002588   0x08002588   0x0000000e   Code   RO          665    i.__scatterload_copy  mc_w.l(handlers.o)
    0x08002596   0x08002596   0x00000002   Code   RO          666    i.__scatterload_null  mc_w.l(handlers.o)
    0x08002598   0x08002598   0x0000000e   Code   RO          667    i.__scatterload_zeroinit  mc_w.l(handlers.o)
    0x080025a6   0x080025a6   0x00000002   PAD
    0x080025a8   0x080025a8   0x000002c0   Code   RO          502    i._printf_core      mc_w.l(printf5.o)
    0x08002868   0x08002868   0x00000020   Data   RO          663    Region$$Table       anon$$obj.o


    Execution Region RW_IRAM1 (Exec base: 0x20000000, Load base: 0x08002888, Size: 0x0000b000, Max: 0x00010000, ABSOLUTE)

    Exec Addr    Load Addr    Size         Type   Attr      Idx    E Section Name        Object

    0x20000000   0x08002888   0x00000002   Data   RW           85    .data               stm32f10x_it.o
    0x20000002   0x0800288a   0x00000001   Data   RW          136    .data               android.o
    0x20000003   0x0800288b   0x00000002   Data   RW          154    .data               led.o
    0x20000005   0x0800288d   0x00000003   PAD
    0x20000008   0x08002890   0x00000016   Data   RW          220    .data               bsp_ota.o
    0x2000001e   0x080028a6   0x00000014   Data   RW          258    .data               stm32f10x_rcc.o
    0x20000032   0x080028ba   0x00000002   PAD
    0x20000034   0x080028bc   0x00000014   Data   RW          333    .data               system_stm32f10x.o
    0x20000048   0x080028d0   0x00000004   Data   RW          637    .data               mc_w.l(stdout.o)
    0x2000004c        -       0x00000022   Zero   RW          135    .bss                android.o
    0x2000006e   0x080028d4   0x00000002   PAD
    0x20000070        -       0x00000c00   Zero   RW          237    STACK               startup_stm32f10x_cl.o
    0x20000c70   0x080028d4   0x00000390   PAD
    0x20001000        -       0x0000a000   Zero   RW          219    .ARM.__AT_0x20001000  bsp_ota.o


==============================================================================

Image component sizes


      Code (inc. data)   RO Data    RW Data    ZI Data      Debug   Object Name

       792        240          0          1         34       2159   android.o
       328         14          0          0          0       2341   bsp_flash.o
       896        382          0         22      40960       2953   bsp_ota.o
        32          0          0          0          0        516   core_cm3.o
       312         54          0          2          0       1325   led.o
       364        164          0          0          0     261952   main.o
       220         22          0          0          0       1709   misc.o
        36          8        336          0       3072        804   startup_stm32f10x_cl.o
      1468         34          0          0          0       8118   stm32f10x_flash.o
       860         38          0          0          0       5645   stm32f10x_gpio.o
       336         76          0          2          0       2481   stm32f10x_it.o
      1284         64          0         20          0      11214   stm32f10x_rcc.o
      1032         22          0          0          0       8368   stm32f10x_usart.o
       644         48          0         20          0       1915   system_stm32f10x.o
       380         18          0          0          0       1276   usart.o

    ----------------------------------------------------------------------
      8984       1184        368         72      44980     312776   Object Totals
         0          0         32          0          0          0   (incl. Generated)
         0          0          0          5        914          0   (incl. Padding)

    ----------------------------------------------------------------------

      Code (inc. data)   RO Data    RW Data    ZI Data      Debug   Library Member Name

         0          0          0          0          0          0   entry.o
         0          0          0          0          0          0   entry10a.o
         0          0          0          0          0          0   entry11a.o
         8          4          0          0          0          0   entry2.o
         4          0          0          0          0          0   entry5.o
         0          0          0          0          0          0   entry7b.o
         0          0          0          0          0          0   entry8b.o
         8          4          0          0          0          0   entry9a.o
        30          0          0          0          0          0   handlers.o
        36          8          0          0          0         68   init.o
        30          0          0          0          0         68   llshl.o
        32          0          0          0          0         68   llushr.o
        36          0          0          0          0        108   memseta.o
       736         56          0          0          0        184   printf5.o
         0          0          0          4          0          0   stdout.o
        98          0          0          0          0         92   uldiv.o

    ----------------------------------------------------------------------
      1024         72          0          4          0        588   Library Totals
         6          0          0          0          0          0   (incl. Padding)

    ----------------------------------------------------------------------

      Code (inc. data)   RO Data    RW Data    ZI Data      Debug   Library Name

      1018         72          0          4          0        588   mc_w.l

    ----------------------------------------------------------------------
      1024         72          0          4          0        588   Library Totals

    ----------------------------------------------------------------------

==============================================================================


      Code (inc. data)   RO Data    RW Data    ZI Data      Debug   

     10008       1256        368         76      44980     312112   Grand Totals
     10008       1256        368         76      44980     312112   ELF Image Totals
     10008       1256        368         76          0          0   ROM Totals

==============================================================================

    Total RO  Size (Code + RO Data)                10376 (  10.13kB)
    Total RW  Size (RW Data + ZI Data)             45056 (  44.00kB)
    Total ROM Size (Code + RO Data + RW Data)      10452 (  10.21kB)

==============================================================================

